// Jest Snapshot v1, https://goo.gl/fbAQLP

exports[`renders without crashing 1`] = `
ShallowWrapper {
  "length": 1,
  Symbol(enzyme.__root__): [Circular],
  Symbol(enzyme.__unrendered__): <Book
    book={
        Object {
            "authors": Array [
              "Santos, Guilherme",
            ],
            "shelf": "read",
            "title": "My Book",
          }
    }
    onUpdateBook={[Function]}
/>,
  Symbol(enzyme.__renderer__): Object {
    "batchedUpdates": [Function],
    "getNode": [Function],
    "render": [Function],
    "simulateEvent": [Function],
    "unmount": [Function],
  },
  Symbol(enzyme.__node__): Object {
    "instance": null,
    "key": null,
    "nodeType": "host",
    "props": Object {
      "children": Array [
        <div
          className="book-top"
>
          <div
                    className="book-cover"
                    style={
                              Object {
                                        "backgroundColor": "#ccc",
                                        "height": 193,
                                        "width": 128,
                                      }
                    }
          />
          <BookshelfChanger
                    onChangeOption={[Function]}
                    shelf="read"
          />
</div>,
        <div
          className="book-title"
>
          My Book
</div>,
        <div
          className="book-authors"
>
          <span>
                    Santos, Guilherme
          </span>
</div>,
      ],
      "className": "book",
    },
    "ref": null,
    "rendered": Array [
      Object {
        "instance": null,
        "key": null,
        "nodeType": "host",
        "props": Object {
          "children": Array [
            <div
              className="book-cover"
              style={
                            Object {
                                          "backgroundColor": "#ccc",
                                          "height": 193,
                                          "width": 128,
                                        }
              }
/>,
            <BookshelfChanger
              onChangeOption={[Function]}
              shelf="read"
/>,
          ],
          "className": "book-top",
        },
        "ref": null,
        "rendered": Array [
          Object {
            "instance": null,
            "key": null,
            "nodeType": "host",
            "props": Object {
              "className": "book-cover",
              "style": Object {
                "backgroundColor": "#ccc",
                "height": 193,
                "width": 128,
              },
            },
            "ref": null,
            "rendered": null,
            "type": "div",
          },
          Object {
            "instance": null,
            "key": null,
            "nodeType": "class",
            "props": Object {
              "onChangeOption": [Function],
              "shelf": "read",
            },
            "ref": null,
            "rendered": null,
            "type": [Function],
          },
        ],
        "type": "div",
      },
      Object {
        "instance": null,
        "key": null,
        "nodeType": "host",
        "props": Object {
          "children": "My Book",
          "className": "book-title",
        },
        "ref": null,
        "rendered": "My Book",
        "type": "div",
      },
      Object {
        "instance": null,
        "key": null,
        "nodeType": "host",
        "props": Object {
          "children": Array [
            <span>
              Santos, Guilherme
</span>,
          ],
          "className": "book-authors",
        },
        "ref": null,
        "rendered": Array [
          Object {
            "instance": null,
            "key": "Santos, Guilherme",
            "nodeType": "host",
            "props": Object {
              "children": "Santos, Guilherme",
            },
            "ref": null,
            "rendered": "Santos, Guilherme",
            "type": "span",
          },
        ],
        "type": "div",
      },
    ],
    "type": "div",
  },
  Symbol(enzyme.__nodes__): Array [
    Object {
      "instance": null,
      "key": null,
      "nodeType": "host",
      "props": Object {
        "children": Array [
          <div
            className="book-top"
>
            <div
                        className="book-cover"
                        style={
                                    Object {
                                                "backgroundColor": "#ccc",
                                                "height": 193,
                                                "width": 128,
                                              }
                        }
            />
            <BookshelfChanger
                        onChangeOption={[Function]}
                        shelf="read"
            />
</div>,
          <div
            className="book-title"
>
            My Book
</div>,
          <div
            className="book-authors"
>
            <span>
                        Santos, Guilherme
            </span>
</div>,
        ],
        "className": "book",
      },
      "ref": null,
      "rendered": Array [
        Object {
          "instance": null,
          "key": null,
          "nodeType": "host",
          "props": Object {
            "children": Array [
              <div
                className="book-cover"
                style={
                                Object {
                                                "backgroundColor": "#ccc",
                                                "height": 193,
                                                "width": 128,
                                              }
                }
/>,
              <BookshelfChanger
                onChangeOption={[Function]}
                shelf="read"
/>,
            ],
            "className": "book-top",
          },
          "ref": null,
          "rendered": Array [
            Object {
              "instance": null,
              "key": null,
              "nodeType": "host",
              "props": Object {
                "className": "book-cover",
                "style": Object {
                  "backgroundColor": "#ccc",
                  "height": 193,
                  "width": 128,
                },
              },
              "ref": null,
              "rendered": null,
              "type": "div",
            },
            Object {
              "instance": null,
              "key": null,
              "nodeType": "class",
              "props": Object {
                "onChangeOption": [Function],
                "shelf": "read",
              },
              "ref": null,
              "rendered": null,
              "type": [Function],
            },
          ],
          "type": "div",
        },
        Object {
          "instance": null,
          "key": null,
          "nodeType": "host",
          "props": Object {
            "children": "My Book",
            "className": "book-title",
          },
          "ref": null,
          "rendered": "My Book",
          "type": "div",
        },
        Object {
          "instance": null,
          "key": null,
          "nodeType": "host",
          "props": Object {
            "children": Array [
              <span>
                Santos, Guilherme
</span>,
            ],
            "className": "book-authors",
          },
          "ref": null,
          "rendered": Array [
            Object {
              "instance": null,
              "key": "Santos, Guilherme",
              "nodeType": "host",
              "props": Object {
                "children": "Santos, Guilherme",
              },
              "ref": null,
              "rendered": "Santos, Guilherme",
              "type": "span",
            },
          ],
          "type": "div",
        },
      ],
      "type": "div",
    },
  ],
  Symbol(enzyme.__options__): Object {
    "adapter": ReactSixteenAdapter {
      "options": Object {
        "enableComponentDidUpdateOnSetState": true,
      },
    },
  },
}
`;
